[digitonaut.com/art/ice_dreamer/index.html]
[digitonaut.com/art/illumine/index.html]
[backblue.gif]
[fade.gif]
[index.html]
[digitonaut.com/art/in_the_depths/index.html]
[digitonaut.com/art/immersive_words/index.html]
[digitonaut.com/art/infinite_irish_remix/index.html]
[digitonaut.com/art/ice_dreamer/shader-web-background.min.js]
[digitonaut.com/art/industrial_tunnel/index.html]
[digitonaut.com/art/infinitown/index.html]
[digitonaut.com/art/infinite_switching_space/index.html]
[digitonaut.com/art/infinite_spinal_squid/index.html]
[digitonaut.com/art/infinity_isometric_cubes/index.html]
[digitonaut.com/art/inhabited_planet/index.html]
[digitonaut.com/art/instancing_billboards/index.html]
[digitonaut.com/art/interactive_landscape/index.html]
[digitonaut.com/art/iridule/index.html]
[digitonaut.com/art/ice_dreamer/ichannel0.jpg]
[digitonaut.com/art/ice_dreamer/index.html]
[digitonaut.com/art/isometric_blocks/index.html]
[digitonaut.com/art/invaders/index.html]
[digitonaut.com/art/isometric_city/index.html]
[digitonaut.com/art/isometric_cubism/index.html]
[digitonaut.com/art/isometric_flat/index.html]
[digitonaut.com/art/iterations_shiny/index.html]
[digitonaut.com/art/illumine/normalize.min.css]
[digitonaut.com/art/its_been_a_while/index.html]
[digitonaut.com/art/its_raining_colors/index.html]
[digitonaut.com/art/ixions_poisonous_ring/index.html]
[digitonaut.com/art/illumine/index.html]
[digitonaut.com/art/illumine/script.js]
[digitonaut.com/art/immersive_words/openProcessing.js]
[digitonaut.com/art/immersive_words/index.html]
[digitonaut.com/art/immersive_words/script.js]
[digitonaut.com/art/in_the_depths/index.html]
[digitonaut.com/art/in_the_depths/main.js]
[digitonaut.com/art/industrial_tunnel/ichannel0.jpg]
[digitonaut.com/art/industrial_tunnel/index.html]
[digitonaut.com/art/industrial_tunnel/shader-web-background.min.js]
[digitonaut.com/art/infinite_irish_remix/codepen-template-1.0.css]
[digitonaut.com/art/infinite_irish_remix/easeljs.min.js]
[digitonaut.com/art/infinite_irish_remix/codepen-template-1.0.js]
[digitonaut.com/art/infinite_irish_remix/index.html]
[digitonaut.com/art/infinite_irish_remix/script.js]
[digitonaut.com/art/infinite_spinal_squid/index.html]
[digitonaut.com/art/infinite_spinal_squid/shader-web-background.min.js]
[digitonaut.com/art/infinite_switching_space/index.html]
[digitonaut.com/art/infinite_switching_space/main.js]
[digitonaut.com/art/in_the_depths/three.min.js]
[digitonaut.com/art/infinitown/jquery.min.js]
[digitonaut.com/art/infinite_switching_space/three.min.js]
[digitonaut.com/art/infinitown/index.html]
[digitonaut.com/art/infinitown/main.min.js]
[digitonaut.com/art/infinity_isometric_cubes/main.js]
[digitonaut.com/art/infinity_isometric_cubes/index.html]
[digitonaut.com/art/infinitown/three.min.js]
[digitonaut.com/art/inhabited_planet/main.js]
[digitonaut.com/art/inhabited_planet/index.html]
[digitonaut.com/art/instancing_billboards/main.css]
[digitonaut.com/art/instancing_billboards/circle.png]
[digitonaut.com/art/instancing_billboards/index.html]
[digitonaut.com/art/infinity_isometric_cubes/three.min.js]
[digitonaut.com/art/interactive_landscape/main.js]
[digitonaut.com/art/interactive_landscape/index.html]
[digitonaut.com/art/invaders/shader-web-background.min.js]
[digitonaut.com/art/inhabited_planet/three.min.js]
[digitonaut.com/art/invaders/ichannel0.png]
[digitonaut.com/art/invaders/index.html]
[digitonaut.com/art/interactive_landscape/three.min.js]
[digitonaut.com/art/iridule/main.js]
[digitonaut.com/art/iridule/index.html]
[digitonaut.com/art/isometric_blocks/shader-web-background.min.js]
[digitonaut.com/art/isometric_blocks/index.html]
[digitonaut.com/art/isometric_city/shader-web-background.min.js]
[digitonaut.com/art/isometric_city/ichannel0.png]
[digitonaut.com/art/iridule/three.min.js]
[digitonaut.com/art/isometric_city/index.html]
[digitonaut.com/art/isometric_cubism/main.js]
[digitonaut.com/art/isometric_cubism/index.html]
[digitonaut.com/art/immersive_words/p5.js]
[digitonaut.com/art/isometric_flat/main.js]
[digitonaut.com/art/isometric_flat/index.html]
[digitonaut.com/art/iterations_shiny/shader-web-background.min.js]
[digitonaut.com/art/iterations_shiny/index.html]
[digitonaut.com/art/its_been_a_while/prefixfree.min.js]
[digitonaut.com/art/isometric_cubism/three.min.js]
[digitonaut.com/art/its_been_a_while/index.html]
[digitonaut.com/art/its_been_a_while/script.js]
[digitonaut.com/art/its_raining_colors/index.html]
[digitonaut.com/art/its_raining_colors/script.js]
[digitonaut.com/art/ixions_poisonous_ring/shader-web-background.min.js]
[digitonaut.com/art/isometric_flat/three.min.js]
[digitonaut.com/art/ixions_poisonous_ring/ichannel0.jpg]
[digitonaut.com/art/ixions_poisonous_ring/index.html]
[digitonaut.com/art/illumine/normalize.min.css]
[digitonaut.com/art/illumine/style.css]
[digitonaut.com/art/in_the_depths/main.css]
[digitonaut.com/art/infinite_irish_remix/codepen-template-1.0.css]
[digitonaut.com/art/infinite_irish_remix/style.css]
[digitonaut.com/art/infinite_switching_space/main.css]
[digitonaut.com/art/infinitown/main.css]
[digitonaut.com/art/infinity_isometric_cubes/main.css]
[digitonaut.com/art/inhabited_planet/main.css]
[digitonaut.com/art/instancing_billboards/main.css]
[digitonaut.com/art/interactive_landscape/main.css]
[digitonaut.com/art/iridule/main.css]
[digitonaut.com/art/isometric_cubism/main.css]
[digitonaut.com/art/isometric_flat/main.css]
[digitonaut.com/art/its_been_a_while/style.css]
[digitonaut.com/art/its_raining_colors/style.css]
